Component: ARM Compiler 5.06 update 6 (build 750) Tool: armlink [4d35ed]

==============================================================================

Section Cross References

    read_button.o(i.Delay) refers to read_button.o(.data) for msTicks
    read_button.o(i.SysTick_Handler) refers to read_button.o(.data) for msTicks
    read_button.o(i.main) refers to read_button.o(i.SystemCoreClockConfigure) for SystemCoreClockConfigure
    read_button.o(i.main) refers to system_stm32l1xx.o(i.SystemCoreClockUpdate) for SystemCoreClockUpdate
    read_button.o(i.main) refers to read_button.o(i.Enable_GPIO_Clock) for Enable_GPIO_Clock
    read_button.o(i.main) refers to read_button.o(i.LED_Initialize) for LED_Initialize
    read_button.o(i.main) refers to read_button.o(i.Buttons_Initialize) for Buttons_Initialize
    read_button.o(i.main) refers to read_button.o(i.Buttons_GetState) for Buttons_GetState
    read_button.o(i.main) refers to read_button.o(i.LED_On) for LED_On
    read_button.o(i.main) refers to read_button.o(i.LED_Off) for LED_Off
    startup_stm32l152xb.o(STACK) refers (Special) to heapauxi.o(.text) for __use_two_region_memory
    startup_stm32l152xb.o(HEAP) refers (Special) to heapauxi.o(.text) for __use_two_region_memory
    startup_stm32l152xb.o(RESET) refers (Special) to heapauxi.o(.text) for __use_two_region_memory
    startup_stm32l152xb.o(RESET) refers to startup_stm32l152xb.o(STACK) for __initial_sp
    startup_stm32l152xb.o(RESET) refers to startup_stm32l152xb.o(.text) for Reset_Handler
    startup_stm32l152xb.o(RESET) refers to read_button.o(i.SysTick_Handler) for SysTick_Handler
    startup_stm32l152xb.o(.text) refers (Special) to heapauxi.o(.text) for __use_two_region_memory
    startup_stm32l152xb.o(.text) refers to system_stm32l1xx.o(i.SystemInit) for SystemInit
    startup_stm32l152xb.o(.text) refers to __main.o(!!!main) for __main
    startup_stm32l152xb.o(.text) refers to startup_stm32l152xb.o(HEAP) for Heap_Mem
    startup_stm32l152xb.o(.text) refers to startup_stm32l152xb.o(STACK) for Stack_Mem
    system_stm32l1xx.o(i.SystemCoreClockUpdate) refers to system_stm32l1xx.o(.data) for SystemCoreClock
    __main.o(!!!main) refers to __rtentry.o(.ARM.Collect$$rtentry$$00000000) for __rt_entry
    __rtentry.o(.ARM.Collect$$rtentry$$00000000) refers (Special) to __rtentry2.o(.ARM.Collect$$rtentry$$0000000A) for __rt_entry_li
    __rtentry.o(.ARM.Collect$$rtentry$$00000000) refers (Special) to __rtentry2.o(.ARM.Collect$$rtentry$$0000000D) for __rt_entry_main
    __rtentry.o(.ARM.Collect$$rtentry$$00000000) refers (Special) to __rtentry2.o(.ARM.Collect$$rtentry$$0000000C) for __rt_entry_postli_1
    __rtentry.o(.ARM.Collect$$rtentry$$00000000) refers (Special) to __rtentry2.o(.ARM.Collect$$rtentry$$00000009) for __rt_entry_postsh_1
    __rtentry.o(.ARM.Collect$$rtentry$$00000000) refers (Special) to __rtentry2.o(.ARM.Collect$$rtentry$$00000002) for __rt_entry_presh_1
    __rtentry.o(.ARM.Collect$$rtentry$$00000000) refers (Special) to __rtentry4.o(.ARM.Collect$$rtentry$$00000004) for __rt_entry_sh
    __rtentry2.o(.ARM.Collect$$rtentry$$00000008) refers to boardinit2.o(.text) for _platform_post_stackheap_init
    __rtentry2.o(.ARM.Collect$$rtentry$$0000000A) refers to libinit.o(.ARM.Collect$$libinit$$00000000) for __rt_lib_init
    __rtentry2.o(.ARM.Collect$$rtentry$$0000000B) refers to boardinit3.o(.text) for _platform_post_lib_init
    __rtentry2.o(.ARM.Collect$$rtentry$$0000000D) refers to read_button.o(i.main) for main
    __rtentry2.o(.ARM.Collect$$rtentry$$0000000D) refers to exit.o(.text) for exit
    __rtentry2.o(.ARM.exidx) refers to __rtentry2.o(.ARM.Collect$$rtentry$$00000001) for .ARM.Collect$$rtentry$$00000001
    __rtentry2.o(.ARM.exidx) refers to __rtentry2.o(.ARM.Collect$$rtentry$$00000008) for .ARM.Collect$$rtentry$$00000008
    __rtentry2.o(.ARM.exidx) refers to __rtentry2.o(.ARM.Collect$$rtentry$$0000000A) for .ARM.Collect$$rtentry$$0000000A
    __rtentry2.o(.ARM.exidx) refers to __rtentry2.o(.ARM.Collect$$rtentry$$0000000B) for .ARM.Collect$$rtentry$$0000000B
    __rtentry2.o(.ARM.exidx) refers to __rtentry2.o(.ARM.Collect$$rtentry$$0000000D) for .ARM.Collect$$rtentry$$0000000D
    __rtentry4.o(.ARM.Collect$$rtentry$$00000004) refers to sys_stackheap_outer.o(.text) for __user_setup_stackheap
    __rtentry4.o(.ARM.exidx) refers to __rtentry4.o(.ARM.Collect$$rtentry$$00000004) for .ARM.Collect$$rtentry$$00000004
    sys_stackheap_outer.o(.text) refers to libspace.o(.text) for __user_perproc_libspace
    sys_stackheap_outer.o(.text) refers to startup_stm32l152xb.o(.text) for __user_initial_stackheap
    exit.o(.text) refers to rtexit.o(.ARM.Collect$$rtexit$$00000000) for __rt_exit
    libinit.o(.ARM.Collect$$libinit$$00000000) refers (Special) to libinit2.o(.ARM.Collect$$libinit$$0000002E) for __rt_lib_init_alloca_1
    libinit.o(.ARM.Collect$$libinit$$00000000) refers (Special) to libinit2.o(.ARM.Collect$$libinit$$0000002C) for __rt_lib_init_argv_1
    libinit.o(.ARM.Collect$$libinit$$00000000) refers (Special) to libinit2.o(.ARM.Collect$$libinit$$0000001B) for __rt_lib_init_atexit_1
    libinit.o(.ARM.Collect$$libinit$$00000000) refers (Special) to libinit2.o(.ARM.Collect$$libinit$$00000021) for __rt_lib_init_clock_1
    libinit.o(.ARM.Collect$$libinit$$00000000) refers (Special) to libinit2.o(.ARM.Collect$$libinit$$00000032) for __rt_lib_init_cpp_1
    libinit.o(.ARM.Collect$$libinit$$00000000) refers (Special) to libinit2.o(.ARM.Collect$$libinit$$00000030) for __rt_lib_init_exceptions_1
    libinit.o(.ARM.Collect$$libinit$$00000000) refers (Special) to libinit2.o(.ARM.Collect$$libinit$$00000002) for __rt_lib_init_fp_1
    libinit.o(.ARM.Collect$$libinit$$00000000) refers (Special) to libinit2.o(.ARM.Collect$$libinit$$0000001F) for __rt_lib_init_fp_trap_1
    libinit.o(.ARM.Collect$$libinit$$00000000) refers (Special) to libinit2.o(.ARM.Collect$$libinit$$00000023) for __rt_lib_init_getenv_1
    libinit.o(.ARM.Collect$$libinit$$00000000) refers (Special) to libinit2.o(.ARM.Collect$$libinit$$0000000A) for __rt_lib_init_heap_1
    libinit.o(.ARM.Collect$$libinit$$00000000) refers (Special) to libinit2.o(.ARM.Collect$$libinit$$00000011) for __rt_lib_init_lc_collate_1
    libinit.o(.ARM.Collect$$libinit$$00000000) refers (Special) to libinit2.o(.ARM.Collect$$libinit$$00000013) for __rt_lib_init_lc_ctype_1
    libinit.o(.ARM.Collect$$libinit$$00000000) refers (Special) to libinit2.o(.ARM.Collect$$libinit$$00000015) for __rt_lib_init_lc_monetary_1
    libinit.o(.ARM.Collect$$libinit$$00000000) refers (Special) to libinit2.o(.ARM.Collect$$libinit$$00000017) for __rt_lib_init_lc_numeric_1
    libinit.o(.ARM.Collect$$libinit$$00000000) refers (Special) to libinit2.o(.ARM.Collect$$libinit$$00000019) for __rt_lib_init_lc_time_1
    libinit.o(.ARM.Collect$$libinit$$00000000) refers (Special) to libinit2.o(.ARM.Collect$$libinit$$00000004) for __rt_lib_init_preinit_1
    libinit.o(.ARM.Collect$$libinit$$00000000) refers (Special) to libinit2.o(.ARM.Collect$$libinit$$0000000E) for __rt_lib_init_rand_1
    libinit.o(.ARM.Collect$$libinit$$00000000) refers (Special) to libinit2.o(.ARM.Collect$$libinit$$00000033) for __rt_lib_init_return
    libinit.o(.ARM.Collect$$libinit$$00000000) refers (Special) to libinit2.o(.ARM.Collect$$libinit$$0000001D) for __rt_lib_init_signal_1
    libinit.o(.ARM.Collect$$libinit$$00000000) refers (Special) to libinit2.o(.ARM.Collect$$libinit$$00000025) for __rt_lib_init_stdio_1
    libinit.o(.ARM.Collect$$libinit$$00000000) refers (Special) to libinit2.o(.ARM.Collect$$libinit$$0000000C) for __rt_lib_init_user_alloc_1
    libspace.o(.text) refers to libspace.o(.bss) for __libspace_start
    rtexit.o(.ARM.Collect$$rtexit$$00000000) refers (Special) to rtexit2.o(.ARM.Collect$$rtexit$$00000004) for __rt_exit_exit
    rtexit.o(.ARM.Collect$$rtexit$$00000000) refers (Special) to rtexit2.o(.ARM.Collect$$rtexit$$00000003) for __rt_exit_ls
    rtexit.o(.ARM.Collect$$rtexit$$00000000) refers (Special) to rtexit2.o(.ARM.Collect$$rtexit$$00000002) for __rt_exit_prels_1
    rtexit.o(.ARM.exidx) refers (Special) to rtexit2.o(.ARM.Collect$$rtexit$$00000004) for __rt_exit_exit
    rtexit.o(.ARM.exidx) refers (Special) to rtexit2.o(.ARM.Collect$$rtexit$$00000003) for __rt_exit_ls
    rtexit.o(.ARM.exidx) refers (Special) to rtexit2.o(.ARM.Collect$$rtexit$$00000002) for __rt_exit_prels_1
    rtexit.o(.ARM.exidx) refers to rtexit.o(.ARM.Collect$$rtexit$$00000000) for .ARM.Collect$$rtexit$$00000000
    libinit2.o(.ARM.Collect$$libinit$$00000010) refers to libinit2.o(.ARM.Collect$$libinit$$0000000F) for .ARM.Collect$$libinit$$0000000F
    libinit2.o(.ARM.Collect$$libinit$$00000012) refers to libinit2.o(.ARM.Collect$$libinit$$0000000F) for .ARM.Collect$$libinit$$0000000F
    libinit2.o(.ARM.Collect$$libinit$$00000014) refers to libinit2.o(.ARM.Collect$$libinit$$0000000F) for .ARM.Collect$$libinit$$0000000F
    libinit2.o(.ARM.Collect$$libinit$$00000016) refers to libinit2.o(.ARM.Collect$$libinit$$0000000F) for .ARM.Collect$$libinit$$0000000F
    libinit2.o(.ARM.Collect$$libinit$$00000018) refers to libinit2.o(.ARM.Collect$$libinit$$0000000F) for .ARM.Collect$$libinit$$0000000F
    libinit2.o(.ARM.Collect$$libinit$$00000026) refers to argv_veneer.o(.emb_text) for __ARM_argv_veneer
    libinit2.o(.ARM.Collect$$libinit$$00000027) refers to argv_veneer.o(.emb_text) for __ARM_argv_veneer
    rtexit2.o(.ARM.Collect$$rtexit$$00000003) refers to libshutdown.o(.ARM.Collect$$libshutdown$$00000000) for __rt_lib_shutdown
    rtexit2.o(.ARM.Collect$$rtexit$$00000004) refers to sys_exit.o(.text) for _sys_exit
    rtexit2.o(.ARM.exidx) refers to rtexit2.o(.ARM.Collect$$rtexit$$00000001) for .ARM.Collect$$rtexit$$00000001
    rtexit2.o(.ARM.exidx) refers to rtexit2.o(.ARM.Collect$$rtexit$$00000003) for .ARM.Collect$$rtexit$$00000003
    rtexit2.o(.ARM.exidx) refers to rtexit2.o(.ARM.Collect$$rtexit$$00000004) for .ARM.Collect$$rtexit$$00000004
    argv_veneer.o(.emb_text) refers to no_argv.o(.text) for __ARM_get_argv
    sys_exit.o(.text) refers (Special) to use_no_semi.o(.text) for __I$use$semihosting
    sys_exit.o(.text) refers (Special) to indicate_semi.o(.text) for __semihosting_library_function
    _get_argv_nomalloc.o(.text) refers (Special) to hrguard.o(.text) for __heap_region$guard
    _get_argv_nomalloc.o(.text) refers to defsig_rtmem_outer.o(.text) for __rt_SIGRTMEM
    _get_argv_nomalloc.o(.text) refers to sys_command.o(.text) for _sys_command_string
    libshutdown.o(.ARM.Collect$$libshutdown$$00000000) refers (Special) to libshutdown2.o(.ARM.Collect$$libshutdown$$00000002) for __rt_lib_shutdown_cpp_1
    libshutdown.o(.ARM.Collect$$libshutdown$$00000000) refers (Special) to libshutdown2.o(.ARM.Collect$$libshutdown$$00000007) for __rt_lib_shutdown_fp_trap_1
    libshutdown.o(.ARM.Collect$$libshutdown$$00000000) refers (Special) to libshutdown2.o(.ARM.Collect$$libshutdown$$0000000F) for __rt_lib_shutdown_heap_1
    libshutdown.o(.ARM.Collect$$libshutdown$$00000000) refers (Special) to libshutdown2.o(.ARM.Collect$$libshutdown$$00000010) for __rt_lib_shutdown_return
    libshutdown.o(.ARM.Collect$$libshutdown$$00000000) refers (Special) to libshutdown2.o(.ARM.Collect$$libshutdown$$0000000A) for __rt_lib_shutdown_signal_1
    libshutdown.o(.ARM.Collect$$libshutdown$$00000000) refers (Special) to libshutdown2.o(.ARM.Collect$$libshutdown$$00000004) for __rt_lib_shutdown_stdio_1
    libshutdown.o(.ARM.Collect$$libshutdown$$00000000) refers (Special) to libshutdown2.o(.ARM.Collect$$libshutdown$$0000000C) for __rt_lib_shutdown_user_alloc_1
    sys_command.o(.text) refers (Special) to use_no_semi.o(.text) for __I$use$semihosting
    sys_command.o(.text) refers (Special) to indicate_semi.o(.text) for __semihosting_library_function
    defsig_rtmem_outer.o(.text) refers to defsig_rtmem_inner.o(.text) for __rt_SIGRTMEM_inner
    defsig_rtmem_outer.o(.text) refers to defsig_exit.o(.text) for __sig_exit
    defsig_rtmem_formal.o(.text) refers to rt_raise.o(.text) for __rt_raise
    rt_raise.o(.text) refers to __raise.o(.text) for __raise
    rt_raise.o(.text) refers to sys_exit.o(.text) for _sys_exit
    defsig_exit.o(.text) refers to sys_exit.o(.text) for _sys_exit
    defsig_rtmem_inner.o(.text) refers to defsig_general.o(.text) for __default_signal_display
    __raise.o(.text) refers to defsig.o(CL$$defsig) for __default_signal_handler
    defsig_general.o(.text) refers to sys_wrch.o(.text) for _ttywrch
    sys_wrch.o(.text) refers (Special) to use_no_semi.o(.text) for __I$use$semihosting
    sys_wrch.o(.text) refers (Special) to indicate_semi.o(.text) for __semihosting_library_function
    defsig.o(CL$$defsig) refers to defsig_rtmem_inner.o(.text) for __rt_SIGRTMEM_inner
    defsig_abrt_inner.o(.text) refers to defsig_general.o(.text) for __default_signal_display
    defsig_fpe_inner.o(.text) refers to defsig_general.o(.text) for __default_signal_display
    defsig_rtred_inner.o(.text) refers to defsig_general.o(.text) for __default_signal_display
    defsig_stak_inner.o(.text) refers to defsig_general.o(.text) for __default_signal_display
    defsig_pvfn_inner.o(.text) refers to defsig_general.o(.text) for __default_signal_display
    defsig_cppl_inner.o(.text) refers to defsig_general.o(.text) for __default_signal_display
    defsig_segv_inner.o(.text) refers to defsig_general.o(.text) for __default_signal_display
    defsig_other.o(.text) refers to defsig_general.o(.text) for __default_signal_display


==============================================================================

Removing Unused input sections from the image.

    Removing read_button.o(.rev16_text), (4 bytes).
    Removing read_button.o(.revsh_text), (4 bytes).
    Removing read_button.o(.rrx_text), (6 bytes).
    Removing read_button.o(i.Buttons_Uninitialize), (28 bytes).
    Removing read_button.o(i.Delay), (24 bytes).
    Removing system_stm32l1xx.o(.rev16_text), (4 bytes).
    Removing system_stm32l1xx.o(.revsh_text), (4 bytes).
    Removing system_stm32l1xx.o(.rrx_text), (6 bytes).

8 unused section(s) (total 80 bytes) removed from the image.

==============================================================================

Image Symbol Table

    Local Symbols

    Symbol Name                              Value     Ov Type        Size  Object(Section)

    ../clib/angel/boardlib.s                 0x00000000   Number         0  boardinit3.o ABSOLUTE
    ../clib/angel/boardlib.s                 0x00000000   Number         0  boardinit2.o ABSOLUTE
    ../clib/angel/boardlib.s                 0x00000000   Number         0  boardinit1.o ABSOLUTE
    ../clib/angel/boardlib.s                 0x00000000   Number         0  boardshut.o ABSOLUTE
    ../clib/angel/handlers.s                 0x00000000   Number         0  __scatter_copy.o ABSOLUTE
    ../clib/angel/handlers.s                 0x00000000   Number         0  __scatter_zi.o ABSOLUTE
    ../clib/angel/kernel.s                   0x00000000   Number         0  __rtentry4.o ABSOLUTE
    ../clib/angel/kernel.s                   0x00000000   Number         0  __rtentry.o ABSOLUTE
    ../clib/angel/kernel.s                   0x00000000   Number         0  __rtentry2.o ABSOLUTE
    ../clib/angel/kernel.s                   0x00000000   Number         0  rtexit2.o ABSOLUTE
    ../clib/angel/kernel.s                   0x00000000   Number         0  rtexit.o ABSOLUTE
    ../clib/angel/rt.s                       0x00000000   Number         0  rt_raise.o ABSOLUTE
    ../clib/angel/scatter.s                  0x00000000   Number         0  __scatter.o ABSOLUTE
    ../clib/angel/startup.s                  0x00000000   Number         0  __main.o ABSOLUTE
    ../clib/angel/sys.s                      0x00000000   Number         0  libspace.o ABSOLUTE
    ../clib/angel/sys.s                      0x00000000   Number         0  sys_stackheap_outer.o ABSOLUTE
    ../clib/angel/sys.s                      0x00000000   Number         0  use_no_semi.o ABSOLUTE
    ../clib/angel/sys.s                      0x00000000   Number         0  indicate_semi.o ABSOLUTE
    ../clib/angel/sysapp.c                   0x00000000   Number         0  sys_exit.o ABSOLUTE
    ../clib/angel/sysapp.c                   0x00000000   Number         0  sys_command.o ABSOLUTE
    ../clib/angel/sysapp.c                   0x00000000   Number         0  sys_wrch.o ABSOLUTE
    ../clib/armsys.c                         0x00000000   Number         0  argv_veneer.o ABSOLUTE
    ../clib/armsys.c                         0x00000000   Number         0  argv_veneer.o ABSOLUTE
    ../clib/armsys.c                         0x00000000   Number         0  no_argv.o ABSOLUTE
    ../clib/armsys.c                         0x00000000   Number         0  _get_argv_nomalloc.o ABSOLUTE
    ../clib/heapalloc.c                      0x00000000   Number         0  hrguard.o ABSOLUTE
    ../clib/heapaux.c                        0x00000000   Number         0  heapauxi.o ABSOLUTE
    ../clib/libinit.s                        0x00000000   Number         0  libinit.o ABSOLUTE
    ../clib/libinit.s                        0x00000000   Number         0  libshutdown.o ABSOLUTE
    ../clib/libinit.s                        0x00000000   Number         0  libinit2.o ABSOLUTE
    ../clib/libinit.s                        0x00000000   Number         0  libshutdown2.o ABSOLUTE
    ../clib/signal.c                         0x00000000   Number         0  defsig_rtred_inner.o ABSOLUTE
    ../clib/signal.c                         0x00000000   Number         0  defsig_rtmem_outer.o ABSOLUTE
    ../clib/signal.c                         0x00000000   Number         0  defsig_other.o ABSOLUTE
    ../clib/signal.c                         0x00000000   Number         0  defsig_segv_inner.o ABSOLUTE
    ../clib/signal.c                         0x00000000   Number         0  defsig_cppl_inner.o ABSOLUTE
    ../clib/signal.c                         0x00000000   Number         0  defsig_stak_inner.o ABSOLUTE
    ../clib/signal.c                         0x00000000   Number         0  defsig_fpe_inner.o ABSOLUTE
    ../clib/signal.c                         0x00000000   Number         0  defsig_abrt_inner.o ABSOLUTE
    ../clib/signal.c                         0x00000000   Number         0  defsig_pvfn_inner.o ABSOLUTE
    ../clib/signal.c                         0x00000000   Number         0  defsig_rtmem_formal.o ABSOLUTE
    ../clib/signal.c                         0x00000000   Number         0  __raise.o ABSOLUTE
    ../clib/signal.c                         0x00000000   Number         0  defsig_rtmem_inner.o ABSOLUTE
    ../clib/signal.c                         0x00000000   Number         0  defsig_general.o ABSOLUTE
    ../clib/signal.c                         0x00000000   Number         0  defsig_exit.o ABSOLUTE
    ../clib/signal.s                         0x00000000   Number         0  defsig.o ABSOLUTE
    ../clib/stdlib.c                         0x00000000   Number         0  exit.o ABSOLUTE
    ../fplib/fpinit.s                        0x00000000   Number         0  fpinit.o ABSOLUTE
    RTE\Device\STM32L152RB\startup_stm32l152xb.s 0x00000000   Number         0  startup_stm32l152xb.o ABSOLUTE
    RTE\Device\STM32L152RB\system_stm32l1xx.c 0x00000000   Number         0  system_stm32l1xx.o ABSOLUTE
    RTE\\Device\\STM32L152RB\\system_stm32l1xx.c 0x00000000   Number         0  system_stm32l1xx.o ABSOLUTE
    Read_Button.c                            0x00000000   Number         0  read_button.o ABSOLUTE
    Read_Button.c                            0x00000000   Number         0  read_button.o ABSOLUTE
    dc.s                                     0x00000000   Number         0  dc.o ABSOLUTE
    RESET                                    0x08000000   Section      244  startup_stm32l152xb.o(RESET)
    !!!main                                  0x080000f4   Section        8  __main.o(!!!main)
    !!!scatter                               0x080000fc   Section       52  __scatter.o(!!!scatter)
    !!handler_copy                           0x08000130   Section       26  __scatter_copy.o(!!handler_copy)
    !!handler_zi                             0x0800014c   Section       28  __scatter_zi.o(!!handler_zi)
    .ARM.Collect$$libinit$$00000000          0x08000168   Section        2  libinit.o(.ARM.Collect$$libinit$$00000000)
    .ARM.Collect$$libinit$$00000002          0x0800016a   Section        0  libinit2.o(.ARM.Collect$$libinit$$00000002)
    .ARM.Collect$$libinit$$00000004          0x0800016a   Section        0  libinit2.o(.ARM.Collect$$libinit$$00000004)
    .ARM.Collect$$libinit$$0000000A          0x0800016a   Section        0  libinit2.o(.ARM.Collect$$libinit$$0000000A)
    .ARM.Collect$$libinit$$0000000C          0x0800016a   Section        0  libinit2.o(.ARM.Collect$$libinit$$0000000C)
    .ARM.Collect$$libinit$$0000000E          0x0800016a   Section        0  libinit2.o(.ARM.Collect$$libinit$$0000000E)
    .ARM.Collect$$libinit$$00000011          0x0800016a   Section        0  libinit2.o(.ARM.Collect$$libinit$$00000011)
    .ARM.Collect$$libinit$$00000013          0x0800016a   Section        0  libinit2.o(.ARM.Collect$$libinit$$00000013)
    .ARM.Collect$$libinit$$00000015          0x0800016a   Section        0  libinit2.o(.ARM.Collect$$libinit$$00000015)
    .ARM.Collect$$libinit$$00000017          0x0800016a   Section        0  libinit2.o(.ARM.Collect$$libinit$$00000017)
    .ARM.Collect$$libinit$$00000019          0x0800016a   Section        0  libinit2.o(.ARM.Collect$$libinit$$00000019)
    .ARM.Collect$$libinit$$0000001B          0x0800016a   Section        0  libinit2.o(.ARM.Collect$$libinit$$0000001B)
    .ARM.Collect$$libinit$$0000001D          0x0800016a   Section        0  libinit2.o(.ARM.Collect$$libinit$$0000001D)
    .ARM.Collect$$libinit$$0000001F          0x0800016a   Section        0  libinit2.o(.ARM.Collect$$libinit$$0000001F)
    .ARM.Collect$$libinit$$00000021          0x0800016a   Section        0  libinit2.o(.ARM.Collect$$libinit$$00000021)
    .ARM.Collect$$libinit$$00000023          0x0800016a   Section        0  libinit2.o(.ARM.Collect$$libinit$$00000023)
    .ARM.Collect$$libinit$$00000025          0x0800016a   Section        0  libinit2.o(.ARM.Collect$$libinit$$00000025)
    .ARM.Collect$$libinit$$0000002C          0x0800016a   Section        0  libinit2.o(.ARM.Collect$$libinit$$0000002C)
    .ARM.Collect$$libinit$$0000002E          0x0800016a   Section        0  libinit2.o(.ARM.Collect$$libinit$$0000002E)
    .ARM.Collect$$libinit$$00000030          0x0800016a   Section        0  libinit2.o(.ARM.Collect$$libinit$$00000030)
    .ARM.Collect$$libinit$$00000032          0x0800016a   Section        0  libinit2.o(.ARM.Collect$$libinit$$00000032)
    .ARM.Collect$$libinit$$00000033          0x0800016a   Section        2  libinit2.o(.ARM.Collect$$libinit$$00000033)
    .ARM.Collect$$libshutdown$$00000000      0x0800016c   Section        2  libshutdown.o(.ARM.Collect$$libshutdown$$00000000)
    .ARM.Collect$$libshutdown$$00000002      0x0800016e   Section        0  libshutdown2.o(.ARM.Collect$$libshutdown$$00000002)
    .ARM.Collect$$libshutdown$$00000004      0x0800016e   Section        0  libshutdown2.o(.ARM.Collect$$libshutdown$$00000004)
    .ARM.Collect$$libshutdown$$00000007      0x0800016e   Section        0  libshutdown2.o(.ARM.Collect$$libshutdown$$00000007)
    .ARM.Collect$$libshutdown$$0000000A      0x0800016e   Section        0  libshutdown2.o(.ARM.Collect$$libshutdown$$0000000A)
    .ARM.Collect$$libshutdown$$0000000C      0x0800016e   Section        0  libshutdown2.o(.ARM.Collect$$libshutdown$$0000000C)
    .ARM.Collect$$libshutdown$$0000000F      0x0800016e   Section        0  libshutdown2.o(.ARM.Collect$$libshutdown$$0000000F)
    .ARM.Collect$$libshutdown$$00000010      0x0800016e   Section        2  libshutdown2.o(.ARM.Collect$$libshutdown$$00000010)
    .ARM.Collect$$rtentry$$00000000          0x08000170   Section        0  __rtentry.o(.ARM.Collect$$rtentry$$00000000)
    .ARM.Collect$$rtentry$$00000002          0x08000170   Section        0  __rtentry2.o(.ARM.Collect$$rtentry$$00000002)
    .ARM.Collect$$rtentry$$00000004          0x08000170   Section        6  __rtentry4.o(.ARM.Collect$$rtentry$$00000004)
    .ARM.Collect$$rtentry$$00000009          0x08000176   Section        0  __rtentry2.o(.ARM.Collect$$rtentry$$00000009)
    .ARM.Collect$$rtentry$$0000000A          0x08000176   Section        4  __rtentry2.o(.ARM.Collect$$rtentry$$0000000A)
    .ARM.Collect$$rtentry$$0000000C          0x0800017a   Section        0  __rtentry2.o(.ARM.Collect$$rtentry$$0000000C)
    .ARM.Collect$$rtentry$$0000000D          0x0800017a   Section        8  __rtentry2.o(.ARM.Collect$$rtentry$$0000000D)
    .ARM.Collect$$rtexit$$00000000           0x08000182   Section        2  rtexit.o(.ARM.Collect$$rtexit$$00000000)
    .ARM.Collect$$rtexit$$00000002           0x08000184   Section        0  rtexit2.o(.ARM.Collect$$rtexit$$00000002)
    .ARM.Collect$$rtexit$$00000003           0x08000184   Section        4  rtexit2.o(.ARM.Collect$$rtexit$$00000003)
    .ARM.Collect$$rtexit$$00000004           0x08000188   Section        6  rtexit2.o(.ARM.Collect$$rtexit$$00000004)
    .text                                    0x08000190   Section       64  startup_stm32l152xb.o(.text)
    .text                                    0x080001d0   Section        0  heapauxi.o(.text)
    .text                                    0x080001d6   Section       74  sys_stackheap_outer.o(.text)
    .text                                    0x08000220   Section        0  exit.o(.text)
    .text                                    0x08000234   Section        8  libspace.o(.text)
    .text                                    0x0800023c   Section        0  sys_exit.o(.text)
    .text                                    0x08000248   Section        2  use_no_semi.o(.text)
    .text                                    0x0800024a   Section        0  indicate_semi.o(.text)
    i.Buttons_GetState                       0x0800024c   Section        0  read_button.o(i.Buttons_GetState)
    i.Buttons_Initialize                     0x08000268   Section        0  read_button.o(i.Buttons_Initialize)
    i.Enable_GPIO_Clock                      0x080002b4   Section        0  read_button.o(i.Enable_GPIO_Clock)
    i.LED_Initialize                         0x080002cc   Section        0  read_button.o(i.LED_Initialize)
    i.LED_Off                                0x0800033c   Section        0  read_button.o(i.LED_Off)
    i.LED_On                                 0x08000358   Section        0  read_button.o(i.LED_On)
    i.SysTick_Handler                        0x08000370   Section        0  read_button.o(i.SysTick_Handler)
    i.SystemCoreClockConfigure               0x08000380   Section        0  read_button.o(i.SystemCoreClockConfigure)
    SystemCoreClockConfigure                 0x08000381   Thumb Code   206  read_button.o(i.SystemCoreClockConfigure)
    i.SystemCoreClockUpdate                  0x0800045c   Section        0  system_stm32l1xx.o(i.SystemCoreClockUpdate)
    i.SystemInit                             0x08000534   Section        0  system_stm32l1xx.o(i.SystemInit)
    i.main                                   0x08000598   Section        0  read_button.o(i.main)
    .data                                    0x20000000   Section        4  read_button.o(.data)
    .data                                    0x20000004   Section       29  system_stm32l1xx.o(.data)
    .bss                                     0x20000024   Section       96  libspace.o(.bss)
    HEAP                                     0x20000088   Section      512  startup_stm32l152xb.o(HEAP)
    Heap_Mem                                 0x20000088   Data         512  startup_stm32l152xb.o(HEAP)
    STACK                                    0x20000288   Section     1024  startup_stm32l152xb.o(STACK)
    Stack_Mem                                0x20000288   Data        1024  startup_stm32l152xb.o(STACK)
    __initial_sp                             0x20000688   Data           0  startup_stm32l152xb.o(STACK)

    Global Symbols

    Symbol Name                              Value     Ov Type        Size  Object(Section)

    BuildAttributes$$THM_ISAv4$P$D$K$B$S$PE$A:L22UL41UL21$X:L11$S22US41US21$IEEE1$IW$USESV6$~STKCKD$USESV7$~SHL$OSPACE$ROPI$EBA8$UX$STANDARDLIB$REQ8$PRES8$EABIv2 0x00000000   Number         0  anon$$obj.o ABSOLUTE
    __ARM_use_no_argv                        0x00000000   Number         0  read_button.o ABSOLUTE
    __ARM_exceptions_init                     - Undefined Weak Reference
    __alloca_initialize                       - Undefined Weak Reference
    __arm_preinit_                            - Undefined Weak Reference
    __cpp_initialize__aeabi_                  - Undefined Weak Reference
    __cxa_finalize                            - Undefined Weak Reference
    __rt_locale                               - Undefined Weak Reference
    __sigvec_lookup                           - Undefined Weak Reference
    _atexit_init                              - Undefined Weak Reference
    _call_atexit_fns                          - Undefined Weak Reference
    _clock_init                               - Undefined Weak Reference
    _fp_trap_init                             - Undefined Weak Reference
    _fp_trap_shutdown                         - Undefined Weak Reference
    _get_lc_collate                           - Undefined Weak Reference
    _get_lc_ctype                             - Undefined Weak Reference
    _get_lc_monetary                          - Undefined Weak Reference
    _get_lc_numeric                           - Undefined Weak Reference
    _get_lc_time                              - Undefined Weak Reference
    _getenv_init                              - Undefined Weak Reference
    _handle_redirection                       - Undefined Weak Reference
    _init_alloc                               - Undefined Weak Reference
    _init_user_alloc                          - Undefined Weak Reference
    _initio                                   - Undefined Weak Reference
    _rand_init                                - Undefined Weak Reference
    _signal_finish                            - Undefined Weak Reference
    _signal_init                              - Undefined Weak Reference
    _terminate_alloc                          - Undefined Weak Reference
    _terminate_user_alloc                     - Undefined Weak Reference
    _terminateio                              - Undefined Weak Reference
    __Vectors_Size                           0x000000f4   Number         0  startup_stm32l152xb.o ABSOLUTE
    __Vectors                                0x08000000   Data           4  startup_stm32l152xb.o(RESET)
    __Vectors_End                            0x080000f4   Data           0  startup_stm32l152xb.o(RESET)
    __main                                   0x080000f5   Thumb Code     8  __main.o(!!!main)
    __scatterload                            0x080000fd   Thumb Code     0  __scatter.o(!!!scatter)
    __scatterload_rt2                        0x080000fd   Thumb Code    44  __scatter.o(!!!scatter)
    __scatterload_rt2_thumb_only             0x080000fd   Thumb Code     0  __scatter.o(!!!scatter)
    __scatterload_null                       0x0800010b   Thumb Code     0  __scatter.o(!!!scatter)
    __scatterload_copy                       0x08000131   Thumb Code    26  __scatter_copy.o(!!handler_copy)
    __scatterload_zeroinit                   0x0800014d   Thumb Code    28  __scatter_zi.o(!!handler_zi)
    __rt_lib_init                            0x08000169   Thumb Code     0  libinit.o(.ARM.Collect$$libinit$$00000000)
    __rt_lib_init_alloca_1                   0x0800016b   Thumb Code     0  libinit2.o(.ARM.Collect$$libinit$$0000002E)
    __rt_lib_init_argv_1                     0x0800016b   Thumb Code     0  libinit2.o(.ARM.Collect$$libinit$$0000002C)
    __rt_lib_init_atexit_1                   0x0800016b   Thumb Code     0  libinit2.o(.ARM.Collect$$libinit$$0000001B)
    __rt_lib_init_clock_1                    0x0800016b   Thumb Code     0  libinit2.o(.ARM.Collect$$libinit$$00000021)
    __rt_lib_init_cpp_1                      0x0800016b   Thumb Code     0  libinit2.o(.ARM.Collect$$libinit$$00000032)
    __rt_lib_init_exceptions_1               0x0800016b   Thumb Code     0  libinit2.o(.ARM.Collect$$libinit$$00000030)
    __rt_lib_init_fp_1                       0x0800016b   Thumb Code     0  libinit2.o(.ARM.Collect$$libinit$$00000002)
    __rt_lib_init_fp_trap_1                  0x0800016b   Thumb Code     0  libinit2.o(.ARM.Collect$$libinit$$0000001F)
    __rt_lib_init_getenv_1                   0x0800016b   Thumb Code     0  libinit2.o(.ARM.Collect$$libinit$$00000023)
    __rt_lib_init_heap_1                     0x0800016b   Thumb Code     0  libinit2.o(.ARM.Collect$$libinit$$0000000A)
    __rt_lib_init_lc_collate_1               0x0800016b   Thumb Code     0  libinit2.o(.ARM.Collect$$libinit$$00000011)
    __rt_lib_init_lc_ctype_1                 0x0800016b   Thumb Code     0  libinit2.o(.ARM.Collect$$libinit$$00000013)
    __rt_lib_init_lc_monetary_1              0x0800016b   Thumb Code     0  libinit2.o(.ARM.Collect$$libinit$$00000015)
    __rt_lib_init_lc_numeric_1               0x0800016b   Thumb Code     0  libinit2.o(.ARM.Collect$$libinit$$00000017)
    __rt_lib_init_lc_time_1                  0x0800016b   Thumb Code     0  libinit2.o(.ARM.Collect$$libinit$$00000019)
    __rt_lib_init_preinit_1                  0x0800016b   Thumb Code     0  libinit2.o(.ARM.Collect$$libinit$$00000004)
    __rt_lib_init_rand_1                     0x0800016b   Thumb Code     0  libinit2.o(.ARM.Collect$$libinit$$0000000E)
    __rt_lib_init_return                     0x0800016b   Thumb Code     0  libinit2.o(.ARM.Collect$$libinit$$00000033)
    __rt_lib_init_signal_1                   0x0800016b   Thumb Code     0  libinit2.o(.ARM.Collect$$libinit$$0000001D)
    __rt_lib_init_stdio_1                    0x0800016b   Thumb Code     0  libinit2.o(.ARM.Collect$$libinit$$00000025)
    __rt_lib_init_user_alloc_1               0x0800016b   Thumb Code     0  libinit2.o(.ARM.Collect$$libinit$$0000000C)
    __rt_lib_shutdown                        0x0800016d   Thumb Code     0  libshutdown.o(.ARM.Collect$$libshutdown$$00000000)
    __rt_lib_shutdown_cpp_1                  0x0800016f   Thumb Code     0  libshutdown2.o(.ARM.Collect$$libshutdown$$00000002)
    __rt_lib_shutdown_fp_trap_1              0x0800016f   Thumb Code     0  libshutdown2.o(.ARM.Collect$$libshutdown$$00000007)
    __rt_lib_shutdown_heap_1                 0x0800016f   Thumb Code     0  libshutdown2.o(.ARM.Collect$$libshutdown$$0000000F)
    __rt_lib_shutdown_return                 0x0800016f   Thumb Code     0  libshutdown2.o(.ARM.Collect$$libshutdown$$00000010)
    __rt_lib_shutdown_signal_1               0x0800016f   Thumb Code     0  libshutdown2.o(.ARM.Collect$$libshutdown$$0000000A)
    __rt_lib_shutdown_stdio_1                0x0800016f   Thumb Code     0  libshutdown2.o(.ARM.Collect$$libshutdown$$00000004)
    __rt_lib_shutdown_user_alloc_1           0x0800016f   Thumb Code     0  libshutdown2.o(.ARM.Collect$$libshutdown$$0000000C)
    __rt_entry                               0x08000171   Thumb Code     0  __rtentry.o(.ARM.Collect$$rtentry$$00000000)
    __rt_entry_presh_1                       0x08000171   Thumb Code     0  __rtentry2.o(.ARM.Collect$$rtentry$$00000002)
    __rt_entry_sh                            0x08000171   Thumb Code     0  __rtentry4.o(.ARM.Collect$$rtentry$$00000004)
    __rt_entry_li                            0x08000177   Thumb Code     0  __rtentry2.o(.ARM.Collect$$rtentry$$0000000A)
    __rt_entry_postsh_1                      0x08000177   Thumb Code     0  __rtentry2.o(.ARM.Collect$$rtentry$$00000009)
    __rt_entry_main                          0x0800017b   Thumb Code     0  __rtentry2.o(.ARM.Collect$$rtentry$$0000000D)
    __rt_entry_postli_1                      0x0800017b   Thumb Code     0  __rtentry2.o(.ARM.Collect$$rtentry$$0000000C)
    __rt_exit                                0x08000183   Thumb Code     0  rtexit.o(.ARM.Collect$$rtexit$$00000000)
    __rt_exit_ls                             0x08000185   Thumb Code     0  rtexit2.o(.ARM.Collect$$rtexit$$00000003)
    __rt_exit_prels_1                        0x08000185   Thumb Code     0  rtexit2.o(.ARM.Collect$$rtexit$$00000002)
    __rt_exit_exit                           0x08000189   Thumb Code     0  rtexit2.o(.ARM.Collect$$rtexit$$00000004)
    Reset_Handler                            0x08000191   Thumb Code     8  startup_stm32l152xb.o(.text)
    NMI_Handler                              0x08000199   Thumb Code     2  startup_stm32l152xb.o(.text)
    HardFault_Handler                        0x0800019b   Thumb Code     2  startup_stm32l152xb.o(.text)
    MemManage_Handler                        0x0800019d   Thumb Code     2  startup_stm32l152xb.o(.text)
    BusFault_Handler                         0x0800019f   Thumb Code     2  startup_stm32l152xb.o(.text)
    UsageFault_Handler                       0x080001a1   Thumb Code     2  startup_stm32l152xb.o(.text)
    SVC_Handler                              0x080001a3   Thumb Code     2  startup_stm32l152xb.o(.text)
    DebugMon_Handler                         0x080001a5   Thumb Code     2  startup_stm32l152xb.o(.text)
    PendSV_Handler                           0x080001a7   Thumb Code     2  startup_stm32l152xb.o(.text)
    ADC1_IRQHandler                          0x080001ab   Thumb Code     0  startup_stm32l152xb.o(.text)
    COMP_IRQHandler                          0x080001ab   Thumb Code     0  startup_stm32l152xb.o(.text)
    DAC_IRQHandler                           0x080001ab   Thumb Code     0  startup_stm32l152xb.o(.text)
    DMA1_Channel1_IRQHandler                 0x080001ab   Thumb Code     0  startup_stm32l152xb.o(.text)
    DMA1_Channel2_IRQHandler                 0x080001ab   Thumb Code     0  startup_stm32l152xb.o(.text)
    DMA1_Channel3_IRQHandler                 0x080001ab   Thumb Code     0  startup_stm32l152xb.o(.text)
    DMA1_Channel4_IRQHandler                 0x080001ab   Thumb Code     0  startup_stm32l152xb.o(.text)
    DMA1_Channel5_IRQHandler                 0x080001ab   Thumb Code     0  startup_stm32l152xb.o(.text)
    DMA1_Channel6_IRQHandler                 0x080001ab   Thumb Code     0  startup_stm32l152xb.o(.text)
    DMA1_Channel7_IRQHandler                 0x080001ab   Thumb Code     0  startup_stm32l152xb.o(.text)
    EXTI0_IRQHandler                         0x080001ab   Thumb Code     0  startup_stm32l152xb.o(.text)
    EXTI15_10_IRQHandler                     0x080001ab   Thumb Code     0  startup_stm32l152xb.o(.text)
    EXTI1_IRQHandler                         0x080001ab   Thumb Code     0  startup_stm32l152xb.o(.text)
    EXTI2_IRQHandler                         0x080001ab   Thumb Code     0  startup_stm32l152xb.o(.text)
    EXTI3_IRQHandler                         0x080001ab   Thumb Code     0  startup_stm32l152xb.o(.text)
    EXTI4_IRQHandler                         0x080001ab   Thumb Code     0  startup_stm32l152xb.o(.text)
    EXTI9_5_IRQHandler                       0x080001ab   Thumb Code     0  startup_stm32l152xb.o(.text)
    FLASH_IRQHandler                         0x080001ab   Thumb Code     0  startup_stm32l152xb.o(.text)
    I2C1_ER_IRQHandler                       0x080001ab   Thumb Code     0  startup_stm32l152xb.o(.text)
    I2C1_EV_IRQHandler                       0x080001ab   Thumb Code     0  startup_stm32l152xb.o(.text)
    I2C2_ER_IRQHandler                       0x080001ab   Thumb Code     0  startup_stm32l152xb.o(.text)
    I2C2_EV_IRQHandler                       0x080001ab   Thumb Code     0  startup_stm32l152xb.o(.text)
    LCD_IRQHandler                           0x080001ab   Thumb Code     0  startup_stm32l152xb.o(.text)
    PVD_IRQHandler                           0x080001ab   Thumb Code     0  startup_stm32l152xb.o(.text)
    RCC_IRQHandler                           0x080001ab   Thumb Code     0  startup_stm32l152xb.o(.text)
    RTC_Alarm_IRQHandler                     0x080001ab   Thumb Code     0  startup_stm32l152xb.o(.text)
    RTC_WKUP_IRQHandler                      0x080001ab   Thumb Code     0  startup_stm32l152xb.o(.text)
    SPI1_IRQHandler                          0x080001ab   Thumb Code     0  startup_stm32l152xb.o(.text)
    SPI2_IRQHandler                          0x080001ab   Thumb Code     0  startup_stm32l152xb.o(.text)
    TAMPER_STAMP_IRQHandler                  0x080001ab   Thumb Code     0  startup_stm32l152xb.o(.text)
    TIM10_IRQHandler                         0x080001ab   Thumb Code     0  startup_stm32l152xb.o(.text)
    TIM11_IRQHandler                         0x080001ab   Thumb Code     0  startup_stm32l152xb.o(.text)
    TIM2_IRQHandler                          0x080001ab   Thumb Code     0  startup_stm32l152xb.o(.text)
    TIM3_IRQHandler                          0x080001ab   Thumb Code     0  startup_stm32l152xb.o(.text)
    TIM4_IRQHandler                          0x080001ab   Thumb Code     0  startup_stm32l152xb.o(.text)
    TIM6_IRQHandler                          0x080001ab   Thumb Code     0  startup_stm32l152xb.o(.text)
    TIM7_IRQHandler                          0x080001ab   Thumb Code     0  startup_stm32l152xb.o(.text)
    TIM9_IRQHandler                          0x080001ab   Thumb Code     0  startup_stm32l152xb.o(.text)
    USART1_IRQHandler                        0x080001ab   Thumb Code     0  startup_stm32l152xb.o(.text)
    USART2_IRQHandler                        0x080001ab   Thumb Code     0  startup_stm32l152xb.o(.text)
    USART3_IRQHandler                        0x080001ab   Thumb Code     0  startup_stm32l152xb.o(.text)
    USB_FS_WKUP_IRQHandler                   0x080001ab   Thumb Code     0  startup_stm32l152xb.o(.text)
    USB_HP_IRQHandler                        0x080001ab   Thumb Code     0  startup_stm32l152xb.o(.text)
    USB_LP_IRQHandler                        0x080001ab   Thumb Code     0  startup_stm32l152xb.o(.text)
    WWDG_IRQHandler                          0x080001ab   Thumb Code     0  startup_stm32l152xb.o(.text)
    __user_initial_stackheap                 0x080001ad   Thumb Code     0  startup_stm32l152xb.o(.text)
    __use_two_region_memory                  0x080001d1   Thumb Code     2  heapauxi.o(.text)
    __rt_heap_escrow$2region                 0x080001d3   Thumb Code     2  heapauxi.o(.text)
    __rt_heap_expand$2region                 0x080001d5   Thumb Code     2  heapauxi.o(.text)
    __user_setup_stackheap                   0x080001d7   Thumb Code    74  sys_stackheap_outer.o(.text)
    exit                                     0x08000221   Thumb Code    18  exit.o(.text)
    __user_libspace                          0x08000235   Thumb Code     8  libspace.o(.text)
    __user_perproc_libspace                  0x08000235   Thumb Code     0  libspace.o(.text)
    __user_perthread_libspace                0x08000235   Thumb Code     0  libspace.o(.text)
    _sys_exit                                0x0800023d   Thumb Code     8  sys_exit.o(.text)
    __I$use$semihosting                      0x08000249   Thumb Code     0  use_no_semi.o(.text)
    __use_no_semihosting_swi                 0x08000249   Thumb Code     2  use_no_semi.o(.text)
    __semihosting_library_function           0x0800024b   Thumb Code     0  indicate_semi.o(.text)
    Buttons_GetState                         0x0800024d   Thumb Code    22  read_button.o(i.Buttons_GetState)
    Buttons_Initialize                       0x08000269   Thumb Code    70  read_button.o(i.Buttons_Initialize)
    Enable_GPIO_Clock                        0x080002b5   Thumb Code    20  read_button.o(i.Enable_GPIO_Clock)
    LED_Initialize                           0x080002cd   Thumb Code   108  read_button.o(i.LED_Initialize)
    LED_Off                                  0x0800033d   Thumb Code    22  read_button.o(i.LED_Off)
    LED_On                                   0x08000359   Thumb Code    20  read_button.o(i.LED_On)
    SysTick_Handler                          0x08000371   Thumb Code    12  read_button.o(i.SysTick_Handler)
    SystemCoreClockUpdate                    0x0800045d   Thumb Code   194  system_stm32l1xx.o(i.SystemCoreClockUpdate)
    SystemInit                               0x08000535   Thumb Code    82  system_stm32l1xx.o(i.SystemInit)
    main                                     0x08000599   Thumb Code    62  read_button.o(i.main)
    Region$$Table$$Base                      0x080005d8   Number         0  anon$$obj.o(Region$$Table)
    Region$$Table$$Limit                     0x080005f8   Number         0  anon$$obj.o(Region$$Table)
    msTicks                                  0x20000000   Data           4  read_button.o(.data)
    SystemCoreClock                          0x20000004   Data           4  system_stm32l1xx.o(.data)
    PLLMulTable                              0x20000008   Data           9  system_stm32l1xx.o(.data)
    AHBPrescTable                            0x20000011   Data          16  system_stm32l1xx.o(.data)
    __libspace_start                         0x20000024   Data          96  libspace.o(.bss)
    __temporary_stack_top$libspace           0x20000084   Data           0  libspace.o(.bss)



==============================================================================

Memory Map of the image

  Image Entry point : 0x080000f5

  Load Region LR_IROM1 (Base: 0x08000000, Size: 0x0000061c, Max: 0x00020000, ABSOLUTE)

    Execution Region ER_IROM1 (Exec base: 0x08000000, Load base: 0x08000000, Size: 0x000005f8, Max: 0x00020000, ABSOLUTE)

    Exec Addr    Load Addr    Size         Type   Attr      Idx    E Section Name        Object

    0x08000000   0x08000000   0x000000f4   Data   RO          121    RESET               startup_stm32l152xb.o
    0x080000f4   0x080000f4   0x00000008   Code   RO          166  * !!!main             c_w.l(__main.o)
    0x080000fc   0x080000fc   0x00000034   Code   RO          323    !!!scatter          c_w.l(__scatter.o)
    0x08000130   0x08000130   0x0000001a   Code   RO          325    !!handler_copy      c_w.l(__scatter_copy.o)
    0x0800014a   0x0800014a   0x00000002   PAD
    0x0800014c   0x0800014c   0x0000001c   Code   RO          327    !!handler_zi        c_w.l(__scatter_zi.o)
    0x08000168   0x08000168   0x00000002   Code   RO          193    .ARM.Collect$$libinit$$00000000  c_w.l(libinit.o)
    0x0800016a   0x0800016a   0x00000000   Code   RO          200    .ARM.Collect$$libinit$$00000002  c_w.l(libinit2.o)
    0x0800016a   0x0800016a   0x00000000   Code   RO          202    .ARM.Collect$$libinit$$00000004  c_w.l(libinit2.o)
    0x0800016a   0x0800016a   0x00000000   Code   RO          205    .ARM.Collect$$libinit$$0000000A  c_w.l(libinit2.o)
    0x0800016a   0x0800016a   0x00000000   Code   RO          207    .ARM.Collect$$libinit$$0000000C  c_w.l(libinit2.o)
    0x0800016a   0x0800016a   0x00000000   Code   RO          209    .ARM.Collect$$libinit$$0000000E  c_w.l(libinit2.o)
    0x0800016a   0x0800016a   0x00000000   Code   RO          212    .ARM.Collect$$libinit$$00000011  c_w.l(libinit2.o)
    0x0800016a   0x0800016a   0x00000000   Code   RO          214    .ARM.Collect$$libinit$$00000013  c_w.l(libinit2.o)
    0x0800016a   0x0800016a   0x00000000   Code   RO          216    .ARM.Collect$$libinit$$00000015  c_w.l(libinit2.o)
    0x0800016a   0x0800016a   0x00000000   Code   RO          218    .ARM.Collect$$libinit$$00000017  c_w.l(libinit2.o)
    0x0800016a   0x0800016a   0x00000000   Code   RO          220    .ARM.Collect$$libinit$$00000019  c_w.l(libinit2.o)
    0x0800016a   0x0800016a   0x00000000   Code   RO          222    .ARM.Collect$$libinit$$0000001B  c_w.l(libinit2.o)
    0x0800016a   0x0800016a   0x00000000   Code   RO          224    .ARM.Collect$$libinit$$0000001D  c_w.l(libinit2.o)
    0x0800016a   0x0800016a   0x00000000   Code   RO          226    .ARM.Collect$$libinit$$0000001F  c_w.l(libinit2.o)
    0x0800016a   0x0800016a   0x00000000   Code   RO          228    .ARM.Collect$$libinit$$00000021  c_w.l(libinit2.o)
    0x0800016a   0x0800016a   0x00000000   Code   RO          230    .ARM.Collect$$libinit$$00000023  c_w.l(libinit2.o)
    0x0800016a   0x0800016a   0x00000000   Code   RO          232    .ARM.Collect$$libinit$$00000025  c_w.l(libinit2.o)
    0x0800016a   0x0800016a   0x00000000   Code   RO          236    .ARM.Collect$$libinit$$0000002C  c_w.l(libinit2.o)
    0x0800016a   0x0800016a   0x00000000   Code   RO          238    .ARM.Collect$$libinit$$0000002E  c_w.l(libinit2.o)
    0x0800016a   0x0800016a   0x00000000   Code   RO          240    .ARM.Collect$$libinit$$00000030  c_w.l(libinit2.o)
    0x0800016a   0x0800016a   0x00000000   Code   RO          242    .ARM.Collect$$libinit$$00000032  c_w.l(libinit2.o)
    0x0800016a   0x0800016a   0x00000002   Code   RO          243    .ARM.Collect$$libinit$$00000033  c_w.l(libinit2.o)
    0x0800016c   0x0800016c   0x00000002   Code   RO          263    .ARM.Collect$$libshutdown$$00000000  c_w.l(libshutdown.o)
    0x0800016e   0x0800016e   0x00000000   Code   RO          276    .ARM.Collect$$libshutdown$$00000002  c_w.l(libshutdown2.o)
    0x0800016e   0x0800016e   0x00000000   Code   RO          278    .ARM.Collect$$libshutdown$$00000004  c_w.l(libshutdown2.o)
    0x0800016e   0x0800016e   0x00000000   Code   RO          281    .ARM.Collect$$libshutdown$$00000007  c_w.l(libshutdown2.o)
    0x0800016e   0x0800016e   0x00000000   Code   RO          284    .ARM.Collect$$libshutdown$$0000000A  c_w.l(libshutdown2.o)
    0x0800016e   0x0800016e   0x00000000   Code   RO          286    .ARM.Collect$$libshutdown$$0000000C  c_w.l(libshutdown2.o)
    0x0800016e   0x0800016e   0x00000000   Code   RO          289    .ARM.Collect$$libshutdown$$0000000F  c_w.l(libshutdown2.o)
    0x0800016e   0x0800016e   0x00000002   Code   RO          290    .ARM.Collect$$libshutdown$$00000010  c_w.l(libshutdown2.o)
    0x08000170   0x08000170   0x00000000   Code   RO          168    .ARM.Collect$$rtentry$$00000000  c_w.l(__rtentry.o)
    0x08000170   0x08000170   0x00000000   Code   RO          170    .ARM.Collect$$rtentry$$00000002  c_w.l(__rtentry2.o)
    0x08000170   0x08000170   0x00000006   Code   RO          182    .ARM.Collect$$rtentry$$00000004  c_w.l(__rtentry4.o)
    0x08000176   0x08000176   0x00000000   Code   RO          172    .ARM.Collect$$rtentry$$00000009  c_w.l(__rtentry2.o)
    0x08000176   0x08000176   0x00000004   Code   RO          173    .ARM.Collect$$rtentry$$0000000A  c_w.l(__rtentry2.o)
    0x0800017a   0x0800017a   0x00000000   Code   RO          175    .ARM.Collect$$rtentry$$0000000C  c_w.l(__rtentry2.o)
    0x0800017a   0x0800017a   0x00000008   Code   RO          176    .ARM.Collect$$rtentry$$0000000D  c_w.l(__rtentry2.o)
    0x08000182   0x08000182   0x00000002   Code   RO          197    .ARM.Collect$$rtexit$$00000000  c_w.l(rtexit.o)
    0x08000184   0x08000184   0x00000000   Code   RO          245    .ARM.Collect$$rtexit$$00000002  c_w.l(rtexit2.o)
    0x08000184   0x08000184   0x00000004   Code   RO          246    .ARM.Collect$$rtexit$$00000003  c_w.l(rtexit2.o)
    0x08000188   0x08000188   0x00000006   Code   RO          247    .ARM.Collect$$rtexit$$00000004  c_w.l(rtexit2.o)
    0x0800018e   0x0800018e   0x00000002   PAD
    0x08000190   0x08000190   0x00000040   Code   RO          122    .text               startup_stm32l152xb.o
    0x080001d0   0x080001d0   0x00000006   Code   RO          164    .text               c_w.l(heapauxi.o)
    0x080001d6   0x080001d6   0x0000004a   Code   RO          184    .text               c_w.l(sys_stackheap_outer.o)
    0x08000220   0x08000220   0x00000012   Code   RO          186    .text               c_w.l(exit.o)
    0x08000232   0x08000232   0x00000002   PAD
    0x08000234   0x08000234   0x00000008   Code   RO          194    .text               c_w.l(libspace.o)
    0x0800023c   0x0800023c   0x0000000c   Code   RO          255    .text               c_w.l(sys_exit.o)
    0x08000248   0x08000248   0x00000002   Code   RO          266    .text               c_w.l(use_no_semi.o)
    0x0800024a   0x0800024a   0x00000000   Code   RO          268    .text               c_w.l(indicate_semi.o)
    0x0800024a   0x0800024a   0x00000002   PAD
    0x0800024c   0x0800024c   0x0000001c   Code   RO            4    i.Buttons_GetState  read_button.o
    0x08000268   0x08000268   0x0000004c   Code   RO            5    i.Buttons_Initialize  read_button.o
    0x080002b4   0x080002b4   0x00000018   Code   RO            8    i.Enable_GPIO_Clock  read_button.o
    0x080002cc   0x080002cc   0x00000070   Code   RO            9    i.LED_Initialize    read_button.o
    0x0800033c   0x0800033c   0x0000001c   Code   RO           10    i.LED_Off           read_button.o
    0x08000358   0x08000358   0x00000018   Code   RO           11    i.LED_On            read_button.o
    0x08000370   0x08000370   0x00000010   Code   RO           12    i.SysTick_Handler   read_button.o
    0x08000380   0x08000380   0x000000dc   Code   RO           13    i.SystemCoreClockConfigure  read_button.o
    0x0800045c   0x0800045c   0x000000d8   Code   RO          129    i.SystemCoreClockUpdate  system_stm32l1xx.o
    0x08000534   0x08000534   0x00000064   Code   RO          130    i.SystemInit        system_stm32l1xx.o
    0x08000598   0x08000598   0x0000003e   Code   RO           14    i.main              read_button.o
    0x080005d6   0x080005d6   0x00000002   PAD
    0x080005d8   0x080005d8   0x00000020   Data   RO          321    Region$$Table       anon$$obj.o


    Execution Region RW_IRAM1 (Exec base: 0x20000000, Load base: 0x080005f8, Size: 0x00000688, Max: 0x00004000, ABSOLUTE)

    Exec Addr    Load Addr    Size         Type   Attr      Idx    E Section Name        Object

    0x20000000   0x080005f8   0x00000004   Data   RW           15    .data               read_button.o
    0x20000004   0x080005fc   0x0000001d   Data   RW          131    .data               system_stm32l1xx.o
    0x20000021   0x08000619   0x00000003   PAD
    0x20000024        -       0x00000060   Zero   RW          195    .bss                c_w.l(libspace.o)
    0x20000084   0x08000619   0x00000004   PAD
    0x20000088        -       0x00000200   Zero   RW          120    HEAP                startup_stm32l152xb.o
    0x20000288        -       0x00000400   Zero   RW          119    STACK               startup_stm32l152xb.o


==============================================================================

Image component sizes


      Code (inc. data)   RO Data    RW Data    ZI Data      Debug   Object Name

       590         48          0          4          0       9503   read_button.o
        64         26        244          0       1536        820   startup_stm32l152xb.o
       316         40          0         29          0       2057   system_stm32l1xx.o

    ----------------------------------------------------------------------
       972        114        276         36       1536      12380   Object Totals
         0          0         32          0          0          0   (incl. Generated)
         2          0          0          3          0          0   (incl. Padding)

    ----------------------------------------------------------------------

      Code (inc. data)   RO Data    RW Data    ZI Data      Debug   Library Member Name

         8          0          0          0          0         68   __main.o
         0          0          0          0          0          0   __rtentry.o
        12          0          0          0          0          0   __rtentry2.o
         6          0          0          0          0          0   __rtentry4.o
        52          8          0          0          0          0   __scatter.o
        26          0          0          0          0          0   __scatter_copy.o
        28          0          0          0          0          0   __scatter_zi.o
        18          0          0          0          0         80   exit.o
         6          0          0          0          0        152   heapauxi.o
         0          0          0          0          0          0   indicate_semi.o
         2          0          0          0          0          0   libinit.o
         2          0          0          0          0          0   libinit2.o
         2          0          0          0          0          0   libshutdown.o
         2          0          0          0          0          0   libshutdown2.o
         8          4          0          0         96         68   libspace.o
         2          0          0          0          0          0   rtexit.o
        10          0          0          0          0          0   rtexit2.o
        12          4          0          0          0         68   sys_exit.o
        74          0          0          0          0         80   sys_stackheap_outer.o
         2          0          0          0          0         68   use_no_semi.o

    ----------------------------------------------------------------------
       280         16          0          0        100        584   Library Totals
         8          0          0          0          4          0   (incl. Padding)

    ----------------------------------------------------------------------

      Code (inc. data)   RO Data    RW Data    ZI Data      Debug   Library Name

       272         16          0          0         96        584   c_w.l

    ----------------------------------------------------------------------
       280         16          0          0        100        584   Library Totals

    ----------------------------------------------------------------------

==============================================================================


      Code (inc. data)   RO Data    RW Data    ZI Data      Debug   

      1252        130        276         36       1636      12388   Grand Totals
      1252        130        276         36       1636      12388   ELF Image Totals
      1252        130        276         36          0          0   ROM Totals

==============================================================================

    Total RO  Size (Code + RO Data)                 1528 (   1.49kB)
    Total RW  Size (RW Data + ZI Data)              1672 (   1.63kB)
    Total ROM Size (Code + RO Data + RW Data)       1564 (   1.53kB)

==============================================================================

